Router 0

Router>en
Router#conf t
Enter configuration commands, one per line.  End with CNTL/Z.
Router(config)#int fao/o
                     ^
% Invalid input detected at '^' marker.
	
Router(config)#int fa0/0
Router(config-if)#ip add 192.168.1.65 255.255.255.0
Router(config-if)#no shut

Router(config-if)#
%LINK-5-CHANGED: Interface FastEthernet0/0, changed state to up

%LINEPROTO-5-UPDOWN: Line protocol on Interface FastEthernet0/0, changed state to up

Router(config-if)#exit
Router(config)#int se0/1/0
Router(config-if)#ip add 192.168.4.64 255.255.255.0
Router(config-if)#clock rate 64000
Router(config-if)#no shut

%LINK-5-CHANGED: Interface Serial0/1/0, changed state to down
Router(config-if)#exit
Router(config)#exit
Router#
%SYS-5-CONFIG_I: Configured from console by console

Router#copy running-config startup-config
Destination filename [startup-config]? 
Building configuration...
[OK]
Router#conf t
Enter configuration commands, one per line.  End with CNTL/Z.
Router(config)#router ospf 1
Router(config-router)#network 192.168.1.0 0.0.0.255 area 0
Router(config-router)#network 192.168.4.0 0.0.0.255 area 0
Router(config-router)#


Router 1
         --- System Configuration Dialog ---

Would you like to enter the initial configuration dialog? [yes/no]: no


Press RETURN to get started!



Router>en
Router#conf t
Enter configuration commands, one per line.  End with CNTL/Z.
Router(config)#int fa0/0
Router(config-if)#ip add 192.168.2.65 255.255.255.0
Router(config-if)#no shut

Router(config-if)#
%LINK-5-CHANGED: Interface FastEthernet0/0, changed state to up

%LINEPROTO-5-UPDOWN: Line protocol on Interface FastEthernet0/0, changed state to up

Router(config-if)#exit
Router(config)#int se0/1/0
Router(config-if)#ip add 192.168.5.64 255.255.255.0
Router(config-if)#clock rate 64000
Router(config-if)#no shut

%LINK-5-CHANGED: Interface Serial0/1/0, changed state to down
Router(config-if)#exit
Router(config)#exit
Router#
%SYS-5-CONFIG_I: Configured from console by console

Router#copy running-config startup-config
Destination filename [startup-config]? 
Building configuration...
[OK]
Router#conf t
Enter configuration commands, one per line.  End with CNTL/Z.
Router(config)#router ospf 1
Router(config-router)##network 192.168.2.0 0.0.0.255 area 0
                      ^
% Invalid input detected at '^' marker.
	
Router(config-router)#network 192.168.2.0 0.0.0.255 area 0
Router(config-router)#network 192.168.5.0 0.0.0.255 area 0
Router(config-router)#
%LINK-5-CHANGED: Interface Serial0/1/0, changed state to up

%LINEPROTO-5-UPDOWN: Line protocol on Interface Serial0/1/0, changed state to up

00:30:45: %OSPF-5-ADJCHG: Process 1, Nbr 192.168.6.65 on Serial0/1/0 from LOADING to FULL, Loading Done









Router con0 is now available






Press RETURN to get started.











Router 2

         --- System Configuration Dialog ---

Would you like to enter the initial configuration dialog? [yes/no]: no


Press RETURN to get started!



Router>en
Router#conf t
Enter configuration commands, one per line.  End with CNTL/Z.
Router(config)#int se0/1/1
Router(config-if)#ip add 192.168.5.65 255.255.255.0
Router(config-if)#no shut

Router(config-if)#
%LINK-5-CHANGED: Interface Serial0/1/1, changed state to up

Router(config-if)#exi
%LINEPROTO-5-UPDOWN: Line protocol on Interface Serial0/1/1, changed state to up

Router(config)#exit
Router#
%SYS-5-CONFIG_I: Configured from console by console

Router#en
Router#conf t
Enter configuration commands, one per line.  End with CNTL/Z.
Router(config)#int se0/1/0
Router(config-if)#ip add 192.168.4.65 255.255.255.0
Router(config-if)#no shut

Router(config-if)#
%LINK-5-CHANGED: Interface Serial0/1/0, changed state to up

Router(config-if)#exit
Router(config)#
%LINEPROTO-5-UPDOWN: Line protocol on Interface Serial0/1/0, changed state to up

Router(config)#int se0/0/0
Router(config-if)#ip add 192.168.6.65 255.255.255.0
Router(config-if)#no shut

%LINK-5-CHANGED: Interface Serial0/0/0, changed state to down
Router(config-if)#exit
Router(config)#exit
Router#
%SYS-5-CONFIG_I: Configured from console by console

Router#copy running-config startup-config
Destination filename [startup-config]? 
Building configuration...
[OK]
Router#router ospf 1
              ^
% Invalid input detected at '^' marker.
	
Router#conf t
Enter configuration commands, one per line.  End with CNTL/Z.
Router(config)#router ospf 1
Router(config-router)#network 192.168.4.0 0.0.0.255 area 0
Router(config-router)#network 192.168.5.0 0.0.0.255 area 0
Router(config-router)#network 192.168.5.0 0.0.0.255 area 0
00:29:00: %OSPF-5-ADJCHG: Process 1, Nbr 192.168.5.64 on Serial0/1/1 from LOADING to FULL, Loading Done

00:29:00: %OSPF-5-ADJCHG: Process 1, Nbr 192.168.4.64 on Serial0/1/0 from LOADING to FULL, Loading Done

Router(config-router)#network 192.168.6.0 0.0.0.255 area 0
Router(config-router)#
%LINK-5-CHANGED: Interface Serial0/0/0, changed state to up

%LINEPROTO-5-UPDOWN: Line protocol on Interface Serial0/0/0, changed state to up

00:36:19: %OSPF-5-ADJCHG: Process 1, Nbr 192.168.6.64 on Serial0/0/0 from LOADING to FULL, Loading Done



Router 3

         --- System Configuration Dialog ---

Would you like to enter the initial configuration dialog? [yes/no]: no


Press RETURN to get started!



Router>en
Router#conf t
Enter configuration commands, one per line.  End with CNTL/Z.
Router(config)#int fa0/0
Router(config-if)#ip add 192.168.3.65 255.255.255.0
Router(config-if)#no shut

Router(config-if)#
%LINK-5-CHANGED: Interface FastEthernet0/0, changed state to up

%LINEPROTO-5-UPDOWN: Line protocol on Interface FastEthernet0/0, changed state to up

Router(config-if)#exit
Router(config)#int se0/1/0
Router(config-if)#ip add 192.168.6.64 255.255.255.0
Router(config-if)#clock rate 64000
Router(config-if)#no shut

Router(config-if)#
%LINK-5-CHANGED: Interface Serial0/1/0, changed state to up

Router(config-if)#exit
Router(config)#exit
%LINEPROTO-5-UPDOWN: Line protocol on Interface Serial0/1/0, changed state to up

Router#
%SYS-5-CONFIG_I: Configured from console by console

Router#copy running-config startup-config
Destination filename [startup-config]? 
Building configuration...
[OK]
Router#conf t
Enter configuration commands, one per line.  End with CNTL/Z.
Router(config)#router ospf 1
Router(config-router)#network 192.168.3.0 0.0.0.255 area 0
Router(config-router)#network 192.168.6.0 0.0.0.255 area 0
Router(config-router)#
00:36:43: %OSPF-5-ADJCHG: Process 1, Nbr 192.168.6.65 on Serial0/1/0 from LOADING to FULL, Loading Done





